
# 1
${REPO_PATH}/d1cv8/.d/.arb/scr.arb/hint_1.ram/.grot/001_hint/001_part/.md/_cntt

# 2
${REPO_PATH}/d1cv8/.d/.arb/scr.arb/pr_4_21_1.ram/.grot/.data/002_less_d2/001_part/.md/_cntt
${REPO_PATH}/d1cv8/.d/.arb/scr.arb/pr_4_21_1.ram/.grot/.data/003_less_d3/001_part/.md/_cntt
${REPO_PATH}/d1cv8/.d/.arb/scr.arb/pr_4_21_1.ram/.grot/.data/004_less_d4/001_part/.md/_cntt
${REPO_PATH}/d1cv8/.d/.arb/scr.arb/pr_4_21_1.ram/.grot/.data/005_less_d5/001_part/.md/_cntt
${REPO_PATH}/d1cv8/.d/.arb/scr.arb/pr_4_21_1.ram/.grot/.data/006_less_d6/001_part/.md/_cntt
${REPO_PATH}/d1cv8/.d/.arb/scr.arb/pr_4_21_1.ram/.grot/.data/007_less_d7/001_part/.md/_cntt
${REPO_PATH}/d1cv8/.d/.arb/scr.arb/pr_4_21_1.ram/.grot/.data/008_less_d8/001_part/.md/_cntt
${REPO_PATH}/d1cv8/.d/.arb/scr.arb/pr_4_21_1.ram/.grot/.data/009_less_d9/001_part/.md/_cntt
${REPO_PATH}/d1cv8/.d/.arb/scr.arb/pr_4_21_1.ram/.grot/.data/010_less_d10/001_part/.md/_cntt
${REPO_PATH}/d1cv8/.d/.arb/scr.arb/pr_4_21_1.ram/.grot/.data/011_less_d11/001_part/.md/_cntt
${REPO_PATH}/d1cv8/.d/.arb/scr.arb/pr_4_21_1.ram/.grot/.data/012_less_d12/001_part/.md/_cntt
${REPO_PATH}/d1cv8/.d/.arb/scr.arb/pr_4_21_1.ram/.grot/.data/013_less_d13/001_part/.md/_cntt
${REPO_PATH}/d1cv8/.d/.arb/scr.arb/pr_4_21_1.ram/.grot/.data/014_less_d14/001_part/.md/_cntt
${REPO_PATH}/d1cv8/.d/.arb/scr.arb/pr_4_21_1.ram/.grot/.data/015_less_d15/001_part/.md/_cntt
${REPO_PATH}/d1cv8/.d/.arb/scr.arb/pr_4_21_1.ram/.grot/.data/016_less_d16/001_part/.md/_cntt
${REPO_PATH}/d1cv8/.d/.arb/scr.arb/pr_4_21_1.ram/.grot/.data/017_less_d17/001_part/.md/_cntt
${REPO_PATH}/d1cv8/.d/.arb/scr.arb/pr_4_21_1.ram/.grot/.data/018_less_d18/001_part/.md/_cntt
${REPO_PATH}/d1cv8/.d/.arb/scr.arb/pr_4_21_1.ram/.grot/.data/019_less_d19/001_part/.md/_cntt
${REPO_PATH}/d1cv8/.d/.arb/scr.arb/pr_4_21_1.ram/.grot/.data/020_less_d20/001_part/.md/_cntt
${REPO_PATH}/d1cv8/.d/.arb/scr.arb/pr_4_21_1.ram/.grot/.data/021_less_d21/001_part/.md/_cntt

# 3
${REPO_PATH}/d1cv8/.d/.arb/scr.arb/pr_5_t_21_1.ram/.grot/.data/002_less_d2/001_part/.md/_cntt
${REPO_PATH}/d1cv8/.d/.arb/scr.arb/pr_5_t_21_1.ram/.grot/.data/003_less_d3/001_part/.md/_cntt
#${REPO_PATH}/d1cv8/.d/.arb/scr.arb/pr_5_t_21_1.ram/.grot/.data/004_less_d4/001_part/.md/_cntt
#${REPO_PATH}/d1cv8/.d/.arb/scr.arb/pr_5_t_21_1.ram/.grot/.data/005_less_d5/001_part/.md/_cntt
#${REPO_PATH}/d1cv8/.d/.arb/scr.arb/pr_5_t_21_1.ram/.grot/.data/006_less_d6/001_part/.md/_cntt
#${REPO_PATH}/d1cv8/.d/.arb/scr.arb/pr_5_t_21_1.ram/.grot/.data/007_less_d7/001_part/.md/_cntt
#${REPO_PATH}/d1cv8/.d/.arb/scr.arb/pr_5_t_21_1.ram/.grot/.data/008_less_d8/001_part/.md/_cntt
#${REPO_PATH}/d1cv8/.d/.arb/scr.arb/pr_5_t_21_1.ram/.grot/.data/009_less_d9/001_part/.md/_cntt
#${REPO_PATH}/d1cv8/.d/.arb/scr.arb/pr_5_t_21_1.ram/.grot/.data/010_less_d10/001_part/.md/_cntt
#${REPO_PATH}/d1cv8/.d/.arb/scr.arb/pr_5_t_21_1.ram/.grot/.data/011_less_d11/001_part/.md/_cntt
#${REPO_PATH}/d1cv8/.d/.arb/scr.arb/pr_5_t_21_1.ram/.grot/.data/012_less_d12/001_part/.md/_cntt
#${REPO_PATH}/d1cv8/.d/.arb/scr.arb/pr_5_t_21_1.ram/.grot/.data/013_less_d13/001_part/.md/_cntt
#${REPO_PATH}/d1cv8/.d/.arb/scr.arb/pr_5_t_21_1.ram/.grot/.data/014_less_d14/001_part/.md/_cntt
#${REPO_PATH}/d1cv8/.d/.arb/scr.arb/pr_5_t_21_1.ram/.grot/.data/015_less_d15/001_part/.md/_cntt
#${REPO_PATH}/d1cv8/.d/.arb/scr.arb/pr_5_t_21_1.ram/.grot/.data/016_less_d16/001_part/.md/_cntt
#${REPO_PATH}/d1cv8/.d/.arb/scr.arb/pr_5_t_21_1.ram/.grot/.data/017_less_d17/001_part/.md/_cntt
#${REPO_PATH}/d1cv8/.d/.arb/scr.arb/pr_5_t_21_1.ram/.grot/.data/018_less_d18/001_part/.md/_cntt
#${REPO_PATH}/d1cv8/.d/.arb/scr.arb/pr_5_t_21_1.ram/.grot/.data/019_less_d19/001_part/.md/_cntt
#${REPO_PATH}/d1cv8/.d/.arb/scr.arb/pr_5_t_21_1.ram/.grot/.data/020_less_d20/001_part/.md/_cntt
#${REPO_PATH}/d1cv8/.d/.arb/scr.arb/pr_5_t_21_1.ram/.grot/.data/021_less_d21/001_part/.md/_cntt